<testsuites id="" name="" tests="45" failures="15" skipped="0" errors="0" time="17.575317">
<testsuite name="smoke\routes.spec.js" timestamp="2025-07-19T15:21:36.715Z" hostname="chromium" tests="9" failures="3" skipped="0" time="19.252" errors="0">
<testcase name="Route Smoke Tests › homepage loads correctly" classname="smoke\routes.spec.js" time="6.424">
<failure message="routes.spec.js:4:5 homepage loads correctly" type="FAILURE">
<![CDATA[  [chromium] › smoke\routes.spec.js:4:5 › Route Smoke Tests › homepage loads correctly ─────────────

    Error: Timed out 5000ms waiting for expect(locator).toBeVisible()

    Locator: locator('nav')
    Expected: visible
    Received: <element(s) not found>
    Call log:
      - Expect "toBeVisible" with timeout 5000ms
      - waiting for locator('nav')


      12 |
      13 |         // Check navigation exists
    > 14 |         await expect(page.locator('nav')).toBeVisible();
         |                                           ^
      15 |
      16 |         // Check featured games section exists
      17 |         await expect(page.locator('[data-testid="featured-games"], .featured-games, [class*="game"]')).toBeVisible();
        at C:\Website Development\AIGameWebsite\tests\smoke\routes.spec.js:14:43

    attachment #1: screenshot (image/png) ──────────────────────────────────────────────────────────
    ..\test-results\smoke-routes-Route-Smoke-Tests-homepage-loads-correctly-chromium\test-failed-1.png
    ────────────────────────────────────────────────────────────────────────────────────────────────

    attachment #2: video (video/webm) ──────────────────────────────────────────────────────────────
    ..\test-results\smoke-routes-Route-Smoke-Tests-homepage-loads-correctly-chromium\video.webm
    ────────────────────────────────────────────────────────────────────────────────────────────────

    Error Context: ..\test-results\smoke-routes-Route-Smoke-Tests-homepage-loads-correctly-chromium\error-context.md
]]>
</failure>
<system-out>
<![CDATA[
[[ATTACHMENT|smoke-routes-Route-Smoke-Tests-homepage-loads-correctly-chromium\test-failed-1.png]]

[[ATTACHMENT|smoke-routes-Route-Smoke-Tests-homepage-loads-correctly-chromium\video.webm]]

[[ATTACHMENT|smoke-routes-Route-Smoke-Tests-homepage-loads-correctly-chromium\error-context.md]]
]]>
</system-out>
</testcase>
<testcase name="Route Smoke Tests › games page loads correctly" classname="smoke\routes.spec.js" time="6.537">
<failure message="routes.spec.js:20:5 games page loads correctly" type="FAILURE">
<![CDATA[  [chromium] › smoke\routes.spec.js:20:5 › Route Smoke Tests › games page loads correctly ──────────

    Error: Timed out 5000ms waiting for expect(locator).toBeVisible()

    Locator: locator('[data-testid="game-card"], .game-card, [class*="game"][class*="card"]')
    Expected: visible
    Received: <element(s) not found>
    Call log:
      - Expect "toBeVisible" with timeout 5000ms
      - waiting for locator('[data-testid="game-card"], .game-card, [class*="game"][class*="card"]')


      27 |
      28 |         // Check at least one game card is visible
    > 29 |         await expect(page.locator('[data-testid="game-card"], .game-card, [class*="game"][class*="card"]')).toBeVisible();
         |                                                                                                             ^
      30 |     });
      31 |
      32 |     test('about page loads correctly', async ({ page }) => {
        at C:\Website Development\AIGameWebsite\tests\smoke\routes.spec.js:29:109

    attachment #1: screenshot (image/png) ──────────────────────────────────────────────────────────
    ..\test-results\smoke-routes-Route-Smoke-Tests-games-page-loads-correctly-chromium\test-failed-1.png
    ────────────────────────────────────────────────────────────────────────────────────────────────

    attachment #2: video (video/webm) ──────────────────────────────────────────────────────────────
    ..\test-results\smoke-routes-Route-Smoke-Tests-games-page-loads-correctly-chromium\video.webm
    ────────────────────────────────────────────────────────────────────────────────────────────────

    Error Context: ..\test-results\smoke-routes-Route-Smoke-Tests-games-page-loads-correctly-chromium\error-context.md
]]>
</failure>
<system-out>
<![CDATA[
[[ATTACHMENT|smoke-routes-Route-Smoke-Tests-games-page-loads-correctly-chromium\test-failed-1.png]]

[[ATTACHMENT|smoke-routes-Route-Smoke-Tests-games-page-loads-correctly-chromium\video.webm]]

[[ATTACHMENT|smoke-routes-Route-Smoke-Tests-games-page-loads-correctly-chromium\error-context.md]]
]]>
</system-out>
</testcase>
<testcase name="Route Smoke Tests › about page loads correctly" classname="smoke\routes.spec.js" time="1.011">
</testcase>
<testcase name="Route Smoke Tests › individual game pages load for active games" classname="smoke\routes.spec.js" time="1.188">
</testcase>
<testcase name="Route Smoke Tests › coming soon games redirect to games page" classname="smoke\routes.spec.js" time="1.069">
</testcase>
<testcase name="Route Smoke Tests › invalid game routes return 404" classname="smoke\routes.spec.js" time="0.97">
<failure message="routes.spec.js:72:5 invalid game routes return 404" type="FAILURE">
<![CDATA[  [chromium] › smoke\routes.spec.js:72:5 › Route Smoke Tests › invalid game routes return 404 ──────

    Error: expect.toContainText: Error: strict mode violation: locator('h1, main') resolved to 2 elements:
        1) <main class="flex-1 p-4 lg:p-6 rounded-2xl">…</main> aka getByRole('main')
        2) <h1 class="text-5xl font-bold mb-4 bg-gradient-to-r from-primary to-secondary bg-clip-text text-transparent">↵        404 ERROR↵    </h1> aka getByRole('heading', { name: 'ERROR' })

    Call log:
      - Expect "toContainText" with timeout 5000ms
      - waiting for locator('h1, main')


      74 |
      75 |         // Should be 404 page
    > 76 |         await expect(page.locator('h1, main')).toContainText(/404|Not Found|Error/);
         |                                                ^
      77 |     });
      78 |
      79 |     test('API health endpoint works', async ({ page }) => {
        at C:\Website Development\AIGameWebsite\tests\smoke\routes.spec.js:76:48

    attachment #1: screenshot (image/png) ──────────────────────────────────────────────────────────
    ..\test-results\smoke-routes-Route-Smoke-T-f290a-alid-game-routes-return-404-chromium\test-failed-1.png
    ────────────────────────────────────────────────────────────────────────────────────────────────

    attachment #2: video (video/webm) ──────────────────────────────────────────────────────────────
    ..\test-results\smoke-routes-Route-Smoke-T-f290a-alid-game-routes-return-404-chromium\video.webm
    ────────────────────────────────────────────────────────────────────────────────────────────────

    Error Context: ..\test-results\smoke-routes-Route-Smoke-T-f290a-alid-game-routes-return-404-chromium\error-context.md
]]>
</failure>
<system-out>
<![CDATA[
[[ATTACHMENT|smoke-routes-Route-Smoke-T-f290a-alid-game-routes-return-404-chromium\test-failed-1.png]]

[[ATTACHMENT|smoke-routes-Route-Smoke-T-f290a-alid-game-routes-return-404-chromium\video.webm]]

[[ATTACHMENT|smoke-routes-Route-Smoke-T-f290a-alid-game-routes-return-404-chromium\error-context.md]]
]]>
</system-out>
</testcase>
<testcase name="Route Smoke Tests › API health endpoint works" classname="smoke\routes.spec.js" time="0.645">
</testcase>
<testcase name="Route Smoke Tests › API games endpoint returns game data" classname="smoke\routes.spec.js" time="0.652">
</testcase>
<testcase name="Route Smoke Tests › database connection works" classname="smoke\routes.spec.js" time="0.756">
</testcase>
</testsuite>
<testsuite name="smoke\routes.spec.js" timestamp="2025-07-19T15:21:36.715Z" hostname="firefox" tests="9" failures="3" skipped="0" time="25.238" errors="0">
<testcase name="Route Smoke Tests › homepage loads correctly" classname="smoke\routes.spec.js" time="6.606">
<failure message="routes.spec.js:4:5 homepage loads correctly" type="FAILURE">
<![CDATA[  [firefox] › smoke\routes.spec.js:4:5 › Route Smoke Tests › homepage loads correctly ──────────────

    Error: Timed out 5000ms waiting for expect(locator).toBeVisible()

    Locator: locator('nav')
    Expected: visible
    Received: <element(s) not found>
    Call log:
      - Expect "toBeVisible" with timeout 5000ms
      - waiting for locator('nav')


      12 |
      13 |         // Check navigation exists
    > 14 |         await expect(page.locator('nav')).toBeVisible();
         |                                           ^
      15 |
      16 |         // Check featured games section exists
      17 |         await expect(page.locator('[data-testid="featured-games"], .featured-games, [class*="game"]')).toBeVisible();
        at C:\Website Development\AIGameWebsite\tests\smoke\routes.spec.js:14:43

    attachment #1: screenshot (image/png) ──────────────────────────────────────────────────────────
    ..\test-results\smoke-routes-Route-Smoke-Tests-homepage-loads-correctly-firefox\test-failed-1.png
    ────────────────────────────────────────────────────────────────────────────────────────────────

    attachment #2: video (video/webm) ──────────────────────────────────────────────────────────────
    ..\test-results\smoke-routes-Route-Smoke-Tests-homepage-loads-correctly-firefox\video.webm
    ────────────────────────────────────────────────────────────────────────────────────────────────

    Error Context: ..\test-results\smoke-routes-Route-Smoke-Tests-homepage-loads-correctly-firefox\error-context.md
]]>
</failure>
<system-out>
<![CDATA[
[[ATTACHMENT|smoke-routes-Route-Smoke-Tests-homepage-loads-correctly-firefox\test-failed-1.png]]

[[ATTACHMENT|smoke-routes-Route-Smoke-Tests-homepage-loads-correctly-firefox\video.webm]]

[[ATTACHMENT|smoke-routes-Route-Smoke-Tests-homepage-loads-correctly-firefox\error-context.md]]
]]>
</system-out>
</testcase>
<testcase name="Route Smoke Tests › games page loads correctly" classname="smoke\routes.spec.js" time="6.777">
<failure message="routes.spec.js:20:5 games page loads correctly" type="FAILURE">
<![CDATA[  [firefox] › smoke\routes.spec.js:20:5 › Route Smoke Tests › games page loads correctly ───────────

    Error: Timed out 5000ms waiting for expect(locator).toBeVisible()

    Locator: locator('[data-testid="game-card"], .game-card, [class*="game"][class*="card"]')
    Expected: visible
    Received: <element(s) not found>
    Call log:
      - Expect "toBeVisible" with timeout 5000ms
      - waiting for locator('[data-testid="game-card"], .game-card, [class*="game"][class*="card"]')


      27 |
      28 |         // Check at least one game card is visible
    > 29 |         await expect(page.locator('[data-testid="game-card"], .game-card, [class*="game"][class*="card"]')).toBeVisible();
         |                                                                                                             ^
      30 |     });
      31 |
      32 |     test('about page loads correctly', async ({ page }) => {
        at C:\Website Development\AIGameWebsite\tests\smoke\routes.spec.js:29:109

    attachment #1: screenshot (image/png) ──────────────────────────────────────────────────────────
    ..\test-results\smoke-routes-Route-Smoke-Tests-games-page-loads-correctly-firefox\test-failed-1.png
    ────────────────────────────────────────────────────────────────────────────────────────────────

    attachment #2: video (video/webm) ──────────────────────────────────────────────────────────────
    ..\test-results\smoke-routes-Route-Smoke-Tests-games-page-loads-correctly-firefox\video.webm
    ────────────────────────────────────────────────────────────────────────────────────────────────

    Error Context: ..\test-results\smoke-routes-Route-Smoke-Tests-games-page-loads-correctly-firefox\error-context.md
]]>
</failure>
<system-out>
<![CDATA[
[[ATTACHMENT|smoke-routes-Route-Smoke-Tests-games-page-loads-correctly-firefox\test-failed-1.png]]

[[ATTACHMENT|smoke-routes-Route-Smoke-Tests-games-page-loads-correctly-firefox\video.webm]]

[[ATTACHMENT|smoke-routes-Route-Smoke-Tests-games-page-loads-correctly-firefox\error-context.md]]
]]>
</system-out>
</testcase>
<testcase name="Route Smoke Tests › about page loads correctly" classname="smoke\routes.spec.js" time="1.695">
</testcase>
<testcase name="Route Smoke Tests › individual game pages load for active games" classname="smoke\routes.spec.js" time="2.315">
</testcase>
<testcase name="Route Smoke Tests › coming soon games redirect to games page" classname="smoke\routes.spec.js" time="1.69">
</testcase>
<testcase name="Route Smoke Tests › invalid game routes return 404" classname="smoke\routes.spec.js" time="2.174">
<failure message="routes.spec.js:72:5 invalid game routes return 404" type="FAILURE">
<![CDATA[  [firefox] › smoke\routes.spec.js:72:5 › Route Smoke Tests › invalid game routes return 404 ───────

    Error: expect.toContainText: Error: strict mode violation: locator('h1, main') resolved to 2 elements:
        1) <main class="flex-1 p-4 lg:p-6 rounded-2xl">…</main> aka getByRole('main')
        2) <h1 class="text-5xl font-bold mb-4 bg-gradient-to-r from-primary to-secondary bg-clip-text text-transparent">↵        404 ERROR↵    </h1> aka getByRole('heading', { name: 'ERROR' })

    Call log:
      - Expect "toContainText" with timeout 5000ms
      - waiting for locator('h1, main')


      74 |
      75 |         // Should be 404 page
    > 76 |         await expect(page.locator('h1, main')).toContainText(/404|Not Found|Error/);
         |                                                ^
      77 |     });
      78 |
      79 |     test('API health endpoint works', async ({ page }) => {
        at C:\Website Development\AIGameWebsite\tests\smoke\routes.spec.js:76:48

    attachment #1: screenshot (image/png) ──────────────────────────────────────────────────────────
    ..\test-results\smoke-routes-Route-Smoke-T-f290a-alid-game-routes-return-404-firefox\test-failed-1.png
    ────────────────────────────────────────────────────────────────────────────────────────────────

    attachment #2: video (video/webm) ──────────────────────────────────────────────────────────────
    ..\test-results\smoke-routes-Route-Smoke-T-f290a-alid-game-routes-return-404-firefox\video.webm
    ────────────────────────────────────────────────────────────────────────────────────────────────

    Error Context: ..\test-results\smoke-routes-Route-Smoke-T-f290a-alid-game-routes-return-404-firefox\error-context.md
]]>
</failure>
<system-out>
<![CDATA[
[[ATTACHMENT|smoke-routes-Route-Smoke-T-f290a-alid-game-routes-return-404-firefox\test-failed-1.png]]

[[ATTACHMENT|smoke-routes-Route-Smoke-T-f290a-alid-game-routes-return-404-firefox\video.webm]]

[[ATTACHMENT|smoke-routes-Route-Smoke-T-f290a-alid-game-routes-return-404-firefox\error-context.md]]
]]>
</system-out>
</testcase>
<testcase name="Route Smoke Tests › API health endpoint works" classname="smoke\routes.spec.js" time="1.297">
</testcase>
<testcase name="Route Smoke Tests › API games endpoint returns game data" classname="smoke\routes.spec.js" time="1.373">
</testcase>
<testcase name="Route Smoke Tests › database connection works" classname="smoke\routes.spec.js" time="1.311">
</testcase>
</testsuite>
<testsuite name="smoke\routes.spec.js" timestamp="2025-07-19T15:21:36.715Z" hostname="webkit" tests="9" failures="3" skipped="0" time="21.771" errors="0">
<testcase name="Route Smoke Tests › homepage loads correctly" classname="smoke\routes.spec.js" time="6.594">
<failure message="routes.spec.js:4:5 homepage loads correctly" type="FAILURE">
<![CDATA[  [webkit] › smoke\routes.spec.js:4:5 › Route Smoke Tests › homepage loads correctly ───────────────

    Error: Timed out 5000ms waiting for expect(locator).toBeVisible()

    Locator: locator('nav')
    Expected: visible
    Received: <element(s) not found>
    Call log:
      - Expect "toBeVisible" with timeout 5000ms
      - waiting for locator('nav')


      12 |
      13 |         // Check navigation exists
    > 14 |         await expect(page.locator('nav')).toBeVisible();
         |                                           ^
      15 |
      16 |         // Check featured games section exists
      17 |         await expect(page.locator('[data-testid="featured-games"], .featured-games, [class*="game"]')).toBeVisible();
        at C:\Website Development\AIGameWebsite\tests\smoke\routes.spec.js:14:43

    attachment #1: screenshot (image/png) ──────────────────────────────────────────────────────────
    ..\test-results\smoke-routes-Route-Smoke-Tests-homepage-loads-correctly-webkit\test-failed-1.png
    ────────────────────────────────────────────────────────────────────────────────────────────────

    attachment #2: video (video/webm) ──────────────────────────────────────────────────────────────
    ..\test-results\smoke-routes-Route-Smoke-Tests-homepage-loads-correctly-webkit\video.webm
    ────────────────────────────────────────────────────────────────────────────────────────────────

    Error Context: ..\test-results\smoke-routes-Route-Smoke-Tests-homepage-loads-correctly-webkit\error-context.md
]]>
</failure>
<system-out>
<![CDATA[
[[ATTACHMENT|smoke-routes-Route-Smoke-Tests-homepage-loads-correctly-webkit\test-failed-1.png]]

[[ATTACHMENT|smoke-routes-Route-Smoke-Tests-homepage-loads-correctly-webkit\video.webm]]

[[ATTACHMENT|smoke-routes-Route-Smoke-Tests-homepage-loads-correctly-webkit\error-context.md]]
]]>
</system-out>
</testcase>
<testcase name="Route Smoke Tests › games page loads correctly" classname="smoke\routes.spec.js" time="6.503">
<failure message="routes.spec.js:20:5 games page loads correctly" type="FAILURE">
<![CDATA[  [webkit] › smoke\routes.spec.js:20:5 › Route Smoke Tests › games page loads correctly ────────────

    Error: Timed out 5000ms waiting for expect(locator).toBeVisible()

    Locator: locator('[data-testid="game-card"], .game-card, [class*="game"][class*="card"]')
    Expected: visible
    Received: <element(s) not found>
    Call log:
      - Expect "toBeVisible" with timeout 5000ms
      - waiting for locator('[data-testid="game-card"], .game-card, [class*="game"][class*="card"]')


      27 |
      28 |         // Check at least one game card is visible
    > 29 |         await expect(page.locator('[data-testid="game-card"], .game-card, [class*="game"][class*="card"]')).toBeVisible();
         |                                                                                                             ^
      30 |     });
      31 |
      32 |     test('about page loads correctly', async ({ page }) => {
        at C:\Website Development\AIGameWebsite\tests\smoke\routes.spec.js:29:109

    attachment #1: screenshot (image/png) ──────────────────────────────────────────────────────────
    ..\test-results\smoke-routes-Route-Smoke-Tests-games-page-loads-correctly-webkit\test-failed-1.png
    ────────────────────────────────────────────────────────────────────────────────────────────────

    attachment #2: video (video/webm) ──────────────────────────────────────────────────────────────
    ..\test-results\smoke-routes-Route-Smoke-Tests-games-page-loads-correctly-webkit\video.webm
    ────────────────────────────────────────────────────────────────────────────────────────────────

    Error Context: ..\test-results\smoke-routes-Route-Smoke-Tests-games-page-loads-correctly-webkit\error-context.md
]]>
</failure>
<system-out>
<![CDATA[
[[ATTACHMENT|smoke-routes-Route-Smoke-Tests-games-page-loads-correctly-webkit\test-failed-1.png]]

[[ATTACHMENT|smoke-routes-Route-Smoke-Tests-games-page-loads-correctly-webkit\video.webm]]

[[ATTACHMENT|smoke-routes-Route-Smoke-Tests-games-page-loads-correctly-webkit\error-context.md]]
]]>
</system-out>
</testcase>
<testcase name="Route Smoke Tests › about page loads correctly" classname="smoke\routes.spec.js" time="1.4">
</testcase>
<testcase name="Route Smoke Tests › individual game pages load for active games" classname="smoke\routes.spec.js" time="2.285">
</testcase>
<testcase name="Route Smoke Tests › coming soon games redirect to games page" classname="smoke\routes.spec.js" time="1.926">
</testcase>
<testcase name="Route Smoke Tests › invalid game routes return 404" classname="smoke\routes.spec.js" time="1.327">
<failure message="routes.spec.js:72:5 invalid game routes return 404" type="FAILURE">
<![CDATA[  [webkit] › smoke\routes.spec.js:72:5 › Route Smoke Tests › invalid game routes return 404 ────────

    Error: expect.toContainText: Error: strict mode violation: locator('h1, main') resolved to 2 elements:
        1) <main class="flex-1 p-4 lg:p-6 rounded-2xl">…</main> aka getByRole('main')
        2) <h1 class="text-5xl font-bold mb-4 bg-gradient-to-r from-primary to-secondary bg-clip-text text-transparent">↵        404 ERROR↵    </h1> aka getByRole('heading', { name: 'ERROR' })

    Call log:
      - Expect "toContainText" with timeout 5000ms
      - waiting for locator('h1, main')


      74 |
      75 |         // Should be 404 page
    > 76 |         await expect(page.locator('h1, main')).toContainText(/404|Not Found|Error/);
         |                                                ^
      77 |     });
      78 |
      79 |     test('API health endpoint works', async ({ page }) => {
        at C:\Website Development\AIGameWebsite\tests\smoke\routes.spec.js:76:48

    attachment #1: screenshot (image/png) ──────────────────────────────────────────────────────────
    ..\test-results\smoke-routes-Route-Smoke-T-f290a-alid-game-routes-return-404-webkit\test-failed-1.png
    ────────────────────────────────────────────────────────────────────────────────────────────────

    attachment #2: video (video/webm) ──────────────────────────────────────────────────────────────
    ..\test-results\smoke-routes-Route-Smoke-T-f290a-alid-game-routes-return-404-webkit\video.webm
    ────────────────────────────────────────────────────────────────────────────────────────────────

    Error Context: ..\test-results\smoke-routes-Route-Smoke-T-f290a-alid-game-routes-return-404-webkit\error-context.md
]]>
</failure>
<system-out>
<![CDATA[
[[ATTACHMENT|smoke-routes-Route-Smoke-T-f290a-alid-game-routes-return-404-webkit\test-failed-1.png]]

[[ATTACHMENT|smoke-routes-Route-Smoke-T-f290a-alid-game-routes-return-404-webkit\video.webm]]

[[ATTACHMENT|smoke-routes-Route-Smoke-T-f290a-alid-game-routes-return-404-webkit\error-context.md]]
]]>
</system-out>
</testcase>
<testcase name="Route Smoke Tests › API health endpoint works" classname="smoke\routes.spec.js" time="0.598">
</testcase>
<testcase name="Route Smoke Tests › API games endpoint returns game data" classname="smoke\routes.spec.js" time="0.654">
</testcase>
<testcase name="Route Smoke Tests › database connection works" classname="smoke\routes.spec.js" time="0.484">
</testcase>
</testsuite>
<testsuite name="smoke\routes.spec.js" timestamp="2025-07-19T15:21:36.715Z" hostname="Mobile Chrome" tests="9" failures="3" skipped="0" time="15.295" errors="0">
<testcase name="Route Smoke Tests › homepage loads correctly" classname="smoke\routes.spec.js" time="5.655">
<failure message="routes.spec.js:4:5 homepage loads correctly" type="FAILURE">
<![CDATA[  [Mobile Chrome] › smoke\routes.spec.js:4:5 › Route Smoke Tests › homepage loads correctly ────────

    Error: Timed out 5000ms waiting for expect(locator).toBeVisible()

    Locator: locator('nav')
    Expected: visible
    Received: <element(s) not found>
    Call log:
      - Expect "toBeVisible" with timeout 5000ms
      - waiting for locator('nav')


      12 |
      13 |         // Check navigation exists
    > 14 |         await expect(page.locator('nav')).toBeVisible();
         |                                           ^
      15 |
      16 |         // Check featured games section exists
      17 |         await expect(page.locator('[data-testid="featured-games"], .featured-games, [class*="game"]')).toBeVisible();
        at C:\Website Development\AIGameWebsite\tests\smoke\routes.spec.js:14:43

    attachment #1: screenshot (image/png) ──────────────────────────────────────────────────────────
    ..\test-results\smoke-routes-Route-Smoke-Tests-homepage-loads-correctly-Mobile-Chrome\test-failed-1.png
    ────────────────────────────────────────────────────────────────────────────────────────────────

    attachment #2: video (video/webm) ──────────────────────────────────────────────────────────────
    ..\test-results\smoke-routes-Route-Smoke-Tests-homepage-loads-correctly-Mobile-Chrome\video.webm
    ────────────────────────────────────────────────────────────────────────────────────────────────

    Error Context: ..\test-results\smoke-routes-Route-Smoke-Tests-homepage-loads-correctly-Mobile-Chrome\error-context.md
]]>
</failure>
<system-out>
<![CDATA[
[[ATTACHMENT|smoke-routes-Route-Smoke-Tests-homepage-loads-correctly-Mobile-Chrome\test-failed-1.png]]

[[ATTACHMENT|smoke-routes-Route-Smoke-Tests-homepage-loads-correctly-Mobile-Chrome\video.webm]]

[[ATTACHMENT|smoke-routes-Route-Smoke-Tests-homepage-loads-correctly-Mobile-Chrome\error-context.md]]
]]>
</system-out>
</testcase>
<testcase name="Route Smoke Tests › games page loads correctly" classname="smoke\routes.spec.js" time="5.654">
<failure message="routes.spec.js:20:5 games page loads correctly" type="FAILURE">
<![CDATA[  [Mobile Chrome] › smoke\routes.spec.js:20:5 › Route Smoke Tests › games page loads correctly ─────

    Error: Timed out 5000ms waiting for expect(locator).toBeVisible()

    Locator: locator('[data-testid="game-card"], .game-card, [class*="game"][class*="card"]')
    Expected: visible
    Received: <element(s) not found>
    Call log:
      - Expect "toBeVisible" with timeout 5000ms
      - waiting for locator('[data-testid="game-card"], .game-card, [class*="game"][class*="card"]')


      27 |
      28 |         // Check at least one game card is visible
    > 29 |         await expect(page.locator('[data-testid="game-card"], .game-card, [class*="game"][class*="card"]')).toBeVisible();
         |                                                                                                             ^
      30 |     });
      31 |
      32 |     test('about page loads correctly', async ({ page }) => {
        at C:\Website Development\AIGameWebsite\tests\smoke\routes.spec.js:29:109

    attachment #1: screenshot (image/png) ──────────────────────────────────────────────────────────
    ..\test-results\smoke-routes-Route-Smoke-Tests-games-page-loads-correctly-Mobile-Chrome\test-failed-1.png
    ────────────────────────────────────────────────────────────────────────────────────────────────

    attachment #2: video (video/webm) ──────────────────────────────────────────────────────────────
    ..\test-results\smoke-routes-Route-Smoke-Tests-games-page-loads-correctly-Mobile-Chrome\video.webm
    ────────────────────────────────────────────────────────────────────────────────────────────────

    Error Context: ..\test-results\smoke-routes-Route-Smoke-Tests-games-page-loads-correctly-Mobile-Chrome\error-context.md
]]>
</failure>
<system-out>
<![CDATA[
[[ATTACHMENT|smoke-routes-Route-Smoke-Tests-games-page-loads-correctly-Mobile-Chrome\test-failed-1.png]]

[[ATTACHMENT|smoke-routes-Route-Smoke-Tests-games-page-loads-correctly-Mobile-Chrome\video.webm]]

[[ATTACHMENT|smoke-routes-Route-Smoke-Tests-games-page-loads-correctly-Mobile-Chrome\error-context.md]]
]]>
</system-out>
</testcase>
<testcase name="Route Smoke Tests › about page loads correctly" classname="smoke\routes.spec.js" time="0.634">
</testcase>
<testcase name="Route Smoke Tests › individual game pages load for active games" classname="smoke\routes.spec.js" time="0.806">
</testcase>
<testcase name="Route Smoke Tests › coming soon games redirect to games page" classname="smoke\routes.spec.js" time="0.794">
</testcase>
<testcase name="Route Smoke Tests › invalid game routes return 404" classname="smoke\routes.spec.js" time="0.634">
<failure message="routes.spec.js:72:5 invalid game routes return 404" type="FAILURE">
<![CDATA[  [Mobile Chrome] › smoke\routes.spec.js:72:5 › Route Smoke Tests › invalid game routes return 404 ─

    Error: expect.toContainText: Error: strict mode violation: locator('h1, main') resolved to 2 elements:
        1) <main class="flex-1 p-4 lg:p-6 rounded-2xl">…</main> aka getByRole('main')
        2) <h1 class="text-5xl font-bold mb-4 bg-gradient-to-r from-primary to-secondary bg-clip-text text-transparent">↵        404 ERROR↵    </h1> aka getByRole('heading', { name: 'ERROR' })

    Call log:
      - Expect "toContainText" with timeout 5000ms
      - waiting for locator('h1, main')


      74 |
      75 |         // Should be 404 page
    > 76 |         await expect(page.locator('h1, main')).toContainText(/404|Not Found|Error/);
         |                                                ^
      77 |     });
      78 |
      79 |     test('API health endpoint works', async ({ page }) => {
        at C:\Website Development\AIGameWebsite\tests\smoke\routes.spec.js:76:48

    attachment #1: screenshot (image/png) ──────────────────────────────────────────────────────────
    ..\test-results\smoke-routes-Route-Smoke-T-f290a-alid-game-routes-return-404-Mobile-Chrome\test-failed-1.png
    ────────────────────────────────────────────────────────────────────────────────────────────────

    attachment #2: video (video/webm) ──────────────────────────────────────────────────────────────
    ..\test-results\smoke-routes-Route-Smoke-T-f290a-alid-game-routes-return-404-Mobile-Chrome\video.webm
    ────────────────────────────────────────────────────────────────────────────────────────────────

    Error Context: ..\test-results\smoke-routes-Route-Smoke-T-f290a-alid-game-routes-return-404-Mobile-Chrome\error-context.md
]]>
</failure>
<system-out>
<![CDATA[
[[ATTACHMENT|smoke-routes-Route-Smoke-T-f290a-alid-game-routes-return-404-Mobile-Chrome\test-failed-1.png]]

[[ATTACHMENT|smoke-routes-Route-Smoke-T-f290a-alid-game-routes-return-404-Mobile-Chrome\video.webm]]

[[ATTACHMENT|smoke-routes-Route-Smoke-T-f290a-alid-game-routes-return-404-Mobile-Chrome\error-context.md]]
]]>
</system-out>
</testcase>
<testcase name="Route Smoke Tests › API health endpoint works" classname="smoke\routes.spec.js" time="0.375">
</testcase>
<testcase name="Route Smoke Tests › API games endpoint returns game data" classname="smoke\routes.spec.js" time="0.374">
</testcase>
<testcase name="Route Smoke Tests › database connection works" classname="smoke\routes.spec.js" time="0.369">
</testcase>
</testsuite>
<testsuite name="smoke\routes.spec.js" timestamp="2025-07-19T15:21:36.715Z" hostname="Mobile Safari" tests="9" failures="3" skipped="0" time="19.511" errors="0">
<testcase name="Route Smoke Tests › homepage loads correctly" classname="smoke\routes.spec.js" time="6">
<failure message="routes.spec.js:4:5 homepage loads correctly" type="FAILURE">
<![CDATA[  [Mobile Safari] › smoke\routes.spec.js:4:5 › Route Smoke Tests › homepage loads correctly ────────

    Error: Timed out 5000ms waiting for expect(locator).toBeVisible()

    Locator: locator('nav')
    Expected: visible
    Received: <element(s) not found>
    Call log:
      - Expect "toBeVisible" with timeout 5000ms
      - waiting for locator('nav')


      12 |
      13 |         // Check navigation exists
    > 14 |         await expect(page.locator('nav')).toBeVisible();
         |                                           ^
      15 |
      16 |         // Check featured games section exists
      17 |         await expect(page.locator('[data-testid="featured-games"], .featured-games, [class*="game"]')).toBeVisible();
        at C:\Website Development\AIGameWebsite\tests\smoke\routes.spec.js:14:43

    attachment #1: screenshot (image/png) ──────────────────────────────────────────────────────────
    ..\test-results\smoke-routes-Route-Smoke-Tests-homepage-loads-correctly-Mobile-Safari\test-failed-1.png
    ────────────────────────────────────────────────────────────────────────────────────────────────

    attachment #2: video (video/webm) ──────────────────────────────────────────────────────────────
    ..\test-results\smoke-routes-Route-Smoke-Tests-homepage-loads-correctly-Mobile-Safari\video.webm
    ────────────────────────────────────────────────────────────────────────────────────────────────

    Error Context: ..\test-results\smoke-routes-Route-Smoke-Tests-homepage-loads-correctly-Mobile-Safari\error-context.md
]]>
</failure>
<system-out>
<![CDATA[
[[ATTACHMENT|smoke-routes-Route-Smoke-Tests-homepage-loads-correctly-Mobile-Safari\test-failed-1.png]]

[[ATTACHMENT|smoke-routes-Route-Smoke-Tests-homepage-loads-correctly-Mobile-Safari\video.webm]]

[[ATTACHMENT|smoke-routes-Route-Smoke-Tests-homepage-loads-correctly-Mobile-Safari\error-context.md]]
]]>
</system-out>
</testcase>
<testcase name="Route Smoke Tests › games page loads correctly" classname="smoke\routes.spec.js" time="5.776">
<failure message="routes.spec.js:20:5 games page loads correctly" type="FAILURE">
<![CDATA[  [Mobile Safari] › smoke\routes.spec.js:20:5 › Route Smoke Tests › games page loads correctly ─────

    Error: Timed out 5000ms waiting for expect(locator).toBeVisible()

    Locator: locator('[data-testid="game-card"], .game-card, [class*="game"][class*="card"]')
    Expected: visible
    Received: <element(s) not found>
    Call log:
      - Expect "toBeVisible" with timeout 5000ms
      - waiting for locator('[data-testid="game-card"], .game-card, [class*="game"][class*="card"]')


      27 |
      28 |         // Check at least one game card is visible
    > 29 |         await expect(page.locator('[data-testid="game-card"], .game-card, [class*="game"][class*="card"]')).toBeVisible();
         |                                                                                                             ^
      30 |     });
      31 |
      32 |     test('about page loads correctly', async ({ page }) => {
        at C:\Website Development\AIGameWebsite\tests\smoke\routes.spec.js:29:109

    attachment #1: screenshot (image/png) ──────────────────────────────────────────────────────────
    ..\test-results\smoke-routes-Route-Smoke-Tests-games-page-loads-correctly-Mobile-Safari\test-failed-1.png
    ────────────────────────────────────────────────────────────────────────────────────────────────

    attachment #2: video (video/webm) ──────────────────────────────────────────────────────────────
    ..\test-results\smoke-routes-Route-Smoke-Tests-games-page-loads-correctly-Mobile-Safari\video.webm
    ────────────────────────────────────────────────────────────────────────────────────────────────

    Error Context: ..\test-results\smoke-routes-Route-Smoke-Tests-games-page-loads-correctly-Mobile-Safari\error-context.md
]]>
</failure>
<system-out>
<![CDATA[
[[ATTACHMENT|smoke-routes-Route-Smoke-Tests-games-page-loads-correctly-Mobile-Safari\test-failed-1.png]]

[[ATTACHMENT|smoke-routes-Route-Smoke-Tests-games-page-loads-correctly-Mobile-Safari\video.webm]]

[[ATTACHMENT|smoke-routes-Route-Smoke-Tests-games-page-loads-correctly-Mobile-Safari\error-context.md]]
]]>
</system-out>
</testcase>
<testcase name="Route Smoke Tests › about page loads correctly" classname="smoke\routes.spec.js" time="1.187">
</testcase>
<testcase name="Route Smoke Tests › individual game pages load for active games" classname="smoke\routes.spec.js" time="1.668">
</testcase>
<testcase name="Route Smoke Tests › coming soon games redirect to games page" classname="smoke\routes.spec.js" time="1.428">
</testcase>
<testcase name="Route Smoke Tests › invalid game routes return 404" classname="smoke\routes.spec.js" time="1.244">
<failure message="routes.spec.js:72:5 invalid game routes return 404" type="FAILURE">
<![CDATA[  [Mobile Safari] › smoke\routes.spec.js:72:5 › Route Smoke Tests › invalid game routes return 404 ─

    Error: expect.toContainText: Error: strict mode violation: locator('h1, main') resolved to 2 elements:
        1) <main class="flex-1 p-4 lg:p-6 rounded-2xl">…</main> aka getByRole('main')
        2) <h1 class="text-5xl font-bold mb-4 bg-gradient-to-r from-primary to-secondary bg-clip-text text-transparent">↵        404 ERROR↵    </h1> aka getByRole('heading', { name: 'ERROR' })

    Call log:
      - Expect "toContainText" with timeout 5000ms
      - waiting for locator('h1, main')


      74 |
      75 |         // Should be 404 page
    > 76 |         await expect(page.locator('h1, main')).toContainText(/404|Not Found|Error/);
         |                                                ^
      77 |     });
      78 |
      79 |     test('API health endpoint works', async ({ page }) => {
        at C:\Website Development\AIGameWebsite\tests\smoke\routes.spec.js:76:48

    attachment #1: screenshot (image/png) ──────────────────────────────────────────────────────────
    ..\test-results\smoke-routes-Route-Smoke-T-f290a-alid-game-routes-return-404-Mobile-Safari\test-failed-1.png
    ────────────────────────────────────────────────────────────────────────────────────────────────

    attachment #2: video (video/webm) ──────────────────────────────────────────────────────────────
    ..\test-results\smoke-routes-Route-Smoke-T-f290a-alid-game-routes-return-404-Mobile-Safari\video.webm
    ────────────────────────────────────────────────────────────────────────────────────────────────

    Error Context: ..\test-results\smoke-routes-Route-Smoke-T-f290a-alid-game-routes-return-404-Mobile-Safari\error-context.md
]]>
</failure>
<system-out>
<![CDATA[
[[ATTACHMENT|smoke-routes-Route-Smoke-T-f290a-alid-game-routes-return-404-Mobile-Safari\test-failed-1.png]]

[[ATTACHMENT|smoke-routes-Route-Smoke-T-f290a-alid-game-routes-return-404-Mobile-Safari\video.webm]]

[[ATTACHMENT|smoke-routes-Route-Smoke-T-f290a-alid-game-routes-return-404-Mobile-Safari\error-context.md]]
]]>
</system-out>
</testcase>
<testcase name="Route Smoke Tests › API health endpoint works" classname="smoke\routes.spec.js" time="0.733">
</testcase>
<testcase name="Route Smoke Tests › API games endpoint returns game data" classname="smoke\routes.spec.js" time="0.787">
</testcase>
<testcase name="Route Smoke Tests › database connection works" classname="smoke\routes.spec.js" time="0.688">
</testcase>
</testsuite>
</testsuites>